keff@keff-Satellite-C855D:~$ python
Python 2.7.12 (default, Nov 19 2016, 06:48:10) 
[GCC 5.4.0 20160609] on linux2
Type "help", "copyright", "credits" or "license" for more information.
>>> import numpy as np
>>> arr = np.arange(0,11)
>>> print arr
[ 0  1  2  3  4  5  6  7  8  9 10]
>>> arr[8]
8
>>> arr[1:5]
array([1, 2, 3, 4])
>>> arr[0:5]
array([0, 1, 2, 3, 4])
>>> arr[0:5] = 100
>>> arr
array([100, 100, 100, 100, 100,   5,   6,   7,   8,   9,  10])
>>> arr = np.arange(0:11)
  File "<stdin>", line 1
    arr = np.arange(0:11)
                     ^
SyntaxError: invalid syntax
>>> arr = np.arange(0,11)
>>> slice_of_arr = arr[0:6]
>>> slice_of_arr
array([0, 1, 2, 3, 4, 5])
>>> slice_of_arr[:] = 99
>>> slice_of_arr
array([99, 99, 99, 99, 99, 99])
>>> arr
array([99, 99, 99, 99, 99, 99,  6,  7,  8,  9, 10])
>>> arr_copy = arr.copy()
>>> arr_copy
array([99, 99, 99, 99, 99, 99,  6,  7,  8,  9, 10])
>>> arr_2d = np.array([[5,10,15],[20,25,30],[35,40,45]])
>>> arr_2d[1]
array([20, 25, 30])
>>> arr_2d[1][0]
20
>>> arr_2d
array([[ 5, 10, 15],
       [20, 25, 30],
       [35, 40, 45]])
>>> arr_2d[:2,1:]
array([[10, 15],
       [25, 30]])
>>> arr_2d[2]
array([35, 40, 45])
>>> arr2d = np.zeros((10,10))
>>> arr2d
array([[ 0.,  0.,  0.,  0.,  0.,  0.,  0.,  0.,  0.,  0.],
       [ 0.,  0.,  0.,  0.,  0.,  0.,  0.,  0.,  0.,  0.],
       [ 0.,  0.,  0.,  0.,  0.,  0.,  0.,  0.,  0.,  0.],
       [ 0.,  0.,  0.,  0.,  0.,  0.,  0.,  0.,  0.,  0.],
       [ 0.,  0.,  0.,  0.,  0.,  0.,  0.,  0.,  0.,  0.],
       [ 0.,  0.,  0.,  0.,  0.,  0.,  0.,  0.,  0.,  0.],
       [ 0.,  0.,  0.,  0.,  0.,  0.,  0.,  0.,  0.,  0.],
       [ 0.,  0.,  0.,  0.,  0.,  0.,  0.,  0.,  0.,  0.],
       [ 0.,  0.,  0.,  0.,  0.,  0.,  0.,  0.,  0.,  0.],
       [ 0.,  0.,  0.,  0.,  0.,  0.,  0.,  0.,  0.,  0.]])
>>> arr_lenght = arr2d.shape[1]
>>> arr_lenght
10
>>> for i in range(arr_lenght):
...     arr2d[i] = 1
... 
>>> arr2d
array([[ 1.,  1.,  1.,  1.,  1.,  1.,  1.,  1.,  1.,  1.],
       [ 1.,  1.,  1.,  1.,  1.,  1.,  1.,  1.,  1.,  1.],
       [ 1.,  1.,  1.,  1.,  1.,  1.,  1.,  1.,  1.,  1.],
       [ 1.,  1.,  1.,  1.,  1.,  1.,  1.,  1.,  1.,  1.],
       [ 1.,  1.,  1.,  1.,  1.,  1.,  1.,  1.,  1.,  1.],
       [ 1.,  1.,  1.,  1.,  1.,  1.,  1.,  1.,  1.,  1.],
       [ 1.,  1.,  1.,  1.,  1.,  1.,  1.,  1.,  1.,  1.],
       [ 1.,  1.,  1.,  1.,  1.,  1.,  1.,  1.,  1.,  1.],
       [ 1.,  1.,  1.,  1.,  1.,  1.,  1.,  1.,  1.,  1.],
       [ 1.,  1.,  1.,  1.,  1.,  1.,  1.,  1.,  1.,  1.]])
>>> for i in range(arr_lenght):
...     arr2d[i] = i
... 
>>> arr2d
array([[ 0.,  0.,  0.,  0.,  0.,  0.,  0.,  0.,  0.,  0.],
       [ 1.,  1.,  1.,  1.,  1.,  1.,  1.,  1.,  1.,  1.],
       [ 2.,  2.,  2.,  2.,  2.,  2.,  2.,  2.,  2.,  2.],
       [ 3.,  3.,  3.,  3.,  3.,  3.,  3.,  3.,  3.,  3.],
       [ 4.,  4.,  4.,  4.,  4.,  4.,  4.,  4.,  4.,  4.],
       [ 5.,  5.,  5.,  5.,  5.,  5.,  5.,  5.,  5.,  5.],
       [ 6.,  6.,  6.,  6.,  6.,  6.,  6.,  6.,  6.,  6.],
       [ 7.,  7.,  7.,  7.,  7.,  7.,  7.,  7.,  7.,  7.],
       [ 8.,  8.,  8.,  8.,  8.,  8.,  8.,  8.,  8.,  8.],
       [ 9.,  9.,  9.,  9.,  9.,  9.,  9.,  9.,  9.,  9.]])
>>> arr2d[[2,4,6,8]]
array([[ 2.,  2.,  2.,  2.,  2.,  2.,  2.,  2.,  2.,  2.],
       [ 4.,  4.,  4.,  4.,  4.,  4.,  4.,  4.,  4.,  4.],
       [ 6.,  6.,  6.,  6.,  6.,  6.,  6.,  6.,  6.,  6.],
       [ 8.,  8.,  8.,  8.,  8.,  8.,  8.,  8.,  8.,  8.]])
>>> arr2d[[6,4,2,7]]
array([[ 6.,  6.,  6.,  6.,  6.,  6.,  6.,  6.,  6.,  6.],
       [ 4.,  4.,  4.,  4.,  4.,  4.,  4.,  4.,  4.,  4.],
       [ 2.,  2.,  2.,  2.,  2.,  2.,  2.,  2.,  2.,  2.],
       [ 7.,  7.,  7.,  7.,  7.,  7.,  7.,  7.,  7.,  7.]])
>>> 
